---
source: src/ui/dialog.rs
expression: "render_text(&view, &mut scroll, 46, 10)"
---
 A1     │ 項目
  │     A      │     B      │     C
 1┌ Go to sheet ───────────────────────────┐
 2│zzz█                                    │
 3│────────────────────────────────────────│
  │  no match                              │
  └ Enter:switch  Esc:cancel ───────── 0/1 ┘

[売上]
          c:comment  q:quit  ^G:sheet  ^F:find
